This is pdfTeX, Version 3.141592653-2.6-1.40.29 (TeX Live 2026) (preloaded format=pdflatex 2026.4.11)  16 JUL 2026 16:08
entering extended mode
 restricted \write18 enabled.
 file:line:error style messages enabled.
 %&-line parsing enabled.
**/Users/sarahklamt/Documents/floatsom-publication/tmlr_paper/main.tex
(/Users/sarahklamt/Documents/floatsom-publication/tmlr_paper/main.tex
LaTeX2e <2025-11-01>
L3 programming layer <2026-01-19>
(/usr/local/texlive/2026/texmf-dist/tex/latex/base/article.cls
Document Class: article 2025/01/22 v1.4n Standard LaTeX document class
(/usr/local/texlive/2026/texmf-dist/tex/latex/base/size10.clo
File: size10.clo 2025/01/22 v1.4n Standard LaTeX file (size option)
)
\c@part=\count275
\c@section=\count276
\c@subsection=\count277
\c@subsubsection=\count278
\c@paragraph=\count279
\c@subparagraph=\count280
\c@figure=\count281
\c@table=\count282
\abovecaptionskip=\skip49
\belowcaptionskip=\skip50
\bibindent=\dimen148
) (./tmlr.sty (/usr/local/texlive/2026/texmf-dist/tex/latex/eso-pic/eso-pic.sty
Package: eso-pic 2025/12/10 v3.0d eso-pic (RN)
\ESO@tempdima=\dimen149
\ESO@tempdimb=\dimen150
 (/usr/local/texlive/2026/texmf-dist/tex/latex/graphics/keyval.sty
Package: keyval 2022/05/29 v1.15 key=value parser (DPC)
\KV@toks@=\toks17
) (/usr/local/texlive/2026/texmf-dist/tex/latex/xcolor/xcolor.sty
Package: xcolor 2024/09/29 v3.02 LaTeX color extensions (UK)
 (/usr/local/texlive/2026/texmf-dist/tex/latex/graphics-cfg/color.cfg
File: color.cfg 2016/01/02 v1.6 sample color configuration
)
Package xcolor Info: Driver file: pdftex.def on input line 274.
 (/usr/local/texlive/2026/texmf-dist/tex/latex/graphics-def/pdftex.def
File: pdftex.def 2025/09/29 v1.2d Graphics/color driver for pdftex
) (/usr/local/texlive/2026/texmf-dist/tex/latex/graphics/mathcolor.ltx)
Package xcolor Info: Model `cmy' substituted by `cmy0' on input line 1349.
Package xcolor Info: Model `hsb' substituted by `rgb' on input line 1353.
Package xcolor Info: Model `RGB' extended on input line 1365.
Package xcolor Info: Model `HTML' substituted by `rgb' on input line 1367.
Package xcolor Info: Model `Hsb' substituted by `hsb' on input line 1368.
Package xcolor Info: Model `tHsb' substituted by `hsb' on input line 1369.
Package xcolor Info: Model `HSB' substituted by `hsb' on input line 1370.
Package xcolor Info: Model `Gray' substituted by `gray' on input line 1371.
Package xcolor Info: Model `wave' substituted by `hsb' on input line 1372.
)) (./fancyhdr.sty
Package: fancyhdr 2021/01/28 v4.0.1 Extensive control of page headers and footers
\f@nch@headwidth=\skip51
\f@nch@O@elh=\skip52
\f@nch@O@erh=\skip53
\f@nch@O@olh=\skip54
\f@nch@O@orh=\skip55
\f@nch@O@elf=\skip56
\f@nch@O@erf=\skip57
\f@nch@O@olf=\skip58
\f@nch@O@orf=\skip59
) (/usr/local/texlive/2026/texmf-dist/tex/latex/natbib/natbib.sty
Package: natbib 2010/09/13 8.31b (PWD, AO)
\bibhang=\skip60
\bibsep=\skip61
LaTeX Info: Redefining \cite on input line 694.
\c@NAT@ctr=\count283
) (/usr/local/texlive/2026/texmf-dist/tex/latex/base/fontenc.sty
Package: fontenc 2025/07/18 v2.1d Standard LaTeX package
) (/usr/local/texlive/2026/texmf-dist/tex/latex/lm/lmodern.sty
Package: lmodern 2015/05/01 v1.6.1 Latin Modern Fonts
LaTeX Font Info:    Overwriting symbol font `operators' in version `normal'
(Font)                  OT1/cmr/m/n --> OT1/lmr/m/n on input line 22.
LaTeX Font Info:    Overwriting symbol font `letters' in version `normal'
(Font)                  OML/cmm/m/it --> OML/lmm/m/it on input line 23.
LaTeX Font Info:    Overwriting symbol font `symbols' in version `normal'
(Font)                  OMS/cmsy/m/n --> OMS/lmsy/m/n on input line 24.
LaTeX Font Info:    Overwriting symbol font `largesymbols' in version `normal'
(Font)                  OMX/cmex/m/n --> OMX/lmex/m/n on input line 25.
LaTeX Font Info:    Overwriting symbol font `operators' in version `bold'
(Font)                  OT1/cmr/bx/n --> OT1/lmr/bx/n on input line 26.
LaTeX Font Info:    Overwriting symbol font `letters' in version `bold'
(Font)                  OML/cmm/b/it --> OML/lmm/b/it on input line 27.
LaTeX Font Info:    Overwriting symbol font `symbols' in version `bold'
(Font)                  OMS/cmsy/b/n --> OMS/lmsy/b/n on input line 28.
LaTeX Font Info:    Overwriting symbol font `largesymbols' in version `bold'
(Font)                  OMX/cmex/m/n --> OMX/lmex/m/n on input line 29.
LaTeX Font Info:    Overwriting math alphabet `\mathbf' in version `normal'
(Font)                  OT1/cmr/bx/n --> OT1/lmr/bx/n on input line 31.
LaTeX Font Info:    Overwriting math alphabet `\mathsf' in version `normal'
(Font)                  OT1/cmss/m/n --> OT1/lmss/m/n on input line 32.
LaTeX Font Info:    Overwriting math alphabet `\mathit' in version `normal'
(Font)                  OT1/cmr/m/it --> OT1/lmr/m/it on input line 33.
LaTeX Font Info:    Overwriting math alphabet `\mathtt' in version `normal'
(Font)                  OT1/cmtt/m/n --> OT1/lmtt/m/n on input line 34.
LaTeX Font Info:    Overwriting math alphabet `\mathbf' in version `bold'
(Font)                  OT1/cmr/bx/n --> OT1/lmr/bx/n on input line 35.
LaTeX Font Info:    Overwriting math alphabet `\mathsf' in version `bold'
(Font)                  OT1/cmss/bx/n --> OT1/lmss/bx/n on input line 36.
LaTeX Font Info:    Overwriting math alphabet `\mathit' in version `bold'
(Font)                  OT1/cmr/bx/it --> OT1/lmr/bx/it on input line 37.
LaTeX Font Info:    Overwriting math alphabet `\mathtt' in version `bold'
(Font)                  OT1/cmtt/m/n --> OT1/lmtt/m/n on input line 38.
)
\aftertitskip=\skip62
\beforetitskip=\skip63
\interauthorskip=\skip64
\aftermaketitskip=\skip65
) (./math_commands.tex (/usr/local/texlive/2026/texmf-dist/tex/latex/amsmath/amsmath.sty
Package: amsmath 2025/07/09 v2.17z AMS math features
\@mathmargin=\skip66

For additional information on amsmath, use the `?' option.
(/usr/local/texlive/2026/texmf-dist/tex/latex/amsmath/amstext.sty
Package: amstext 2024/11/17 v2.01 AMS text
 (/usr/local/texlive/2026/texmf-dist/tex/latex/amsmath/amsgen.sty
File: amsgen.sty 1999/11/30 v2.0 generic functions
\@emptytoks=\toks18
\ex@=\dimen151
)) (/usr/local/texlive/2026/texmf-dist/tex/latex/amsmath/amsbsy.sty
Package: amsbsy 1999/11/29 v1.2d Bold Symbols
\pmbraise@=\dimen152
) (/usr/local/texlive/2026/texmf-dist/tex/latex/amsmath/amsopn.sty
Package: amsopn 2022/04/08 v2.04 operator names
)
\inf@bad=\count284
LaTeX Info: Redefining \frac on input line 233.
\uproot@=\count285
\leftroot@=\count286
LaTeX Info: Redefining \overline on input line 398.
LaTeX Info: Redefining \colon on input line 409.
\classnum@=\count287
\DOTSCASE@=\count288
LaTeX Info: Redefining \ldots on input line 495.
LaTeX Info: Redefining \dots on input line 498.
LaTeX Info: Redefining \cdots on input line 619.
\Mathstrutbox@=\box53
\strutbox@=\box54
LaTeX Info: Redefining \big on input line 721.
LaTeX Info: Redefining \Big on input line 722.
LaTeX Info: Redefining \bigg on input line 723.
LaTeX Info: Redefining \Bigg on input line 724.
\big@size=\dimen153
LaTeX Font Info:    Redeclaring font encoding OML on input line 742.
LaTeX Font Info:    Redeclaring font encoding OMS on input line 743.
\macc@depth=\count289
LaTeX Info: Redefining \bmod on input line 904.
LaTeX Info: Redefining \pmod on input line 909.
LaTeX Info: Redefining \smash on input line 939.
LaTeX Info: Redefining \relbar on input line 969.
LaTeX Info: Redefining \Relbar on input line 970.
\c@MaxMatrixCols=\count290
\dotsspace@=\muskip17
\c@parentequation=\count291
\dspbrk@lvl=\count292
\tag@help=\toks19
\row@=\count293
\column@=\count294
\maxfields@=\count295
\andhelp@=\toks20
\eqnshift@=\dimen154
\alignsep@=\dimen155
\tagshift@=\dimen156
\tagwidth@=\dimen157
\totwidth@=\dimen158
\lineht@=\dimen159
\@envbody=\toks21
\multlinegap=\skip67
\multlinetaggap=\skip68
\mathdisplay@stack=\toks22
LaTeX Info: Redefining \[ on input line 2950.
LaTeX Info: Redefining \] on input line 2951.
) (/usr/local/texlive/2026/texmf-dist/tex/latex/amsfonts/amsfonts.sty
Package: amsfonts 2013/01/14 v3.01 Basic AMSFonts support
\symAMSa=\mathgroup4
\symAMSb=\mathgroup5
LaTeX Font Info:    Redeclaring math symbol \hbar on input line 98.
LaTeX Font Info:    Overwriting math alphabet `\mathfrak' in version `bold'
(Font)                  U/euf/m/n --> U/euf/b/n on input line 106.
) (/usr/local/texlive/2026/texmf-dist/tex/latex/tools/bm.sty
Package: bm 2025/10/21 v1.2g Bold Symbol Support (DPC/FMi)
\symboldoperators=\mathgroup6
\symboldletters=\mathgroup7
\symboldsymbols=\mathgroup8
Package bm Info: No bold for \OMX/lmex/m/n, using \pmb.
Package bm Info: No bold for \U/msa/m/n, using \pmb.
Package bm Info: No bold for \U/msb/m/n, using \pmb.
LaTeX Font Info:    Redeclaring math alphabet \mathbf on input line 149.
)
LaTeX Font Info:    Overwriting math alphabet `\mathsfit' in version `bold'
(Font)                  T1/lmss/m/sl --> T1/lmss/bx/n on input line 314.
) (/usr/local/texlive/2026/texmf-dist/tex/latex/amsfonts/amssymb.sty
Package: amssymb 2013/01/14 v3.01 AMS font symbols
) (/usr/local/texlive/2026/texmf-dist/tex/latex/float/float.sty
Package: float 2001/11/08 v1.3d Float enhancements (AL)
\c@float@type=\count296
\float@exts=\toks23
\float@box=\box55
\@float@everytoks=\toks24
\@floatcapt=\box56
) (/usr/local/texlive/2026/texmf-dist/tex/latex/algorithms/algorithm.sty
Package: algorithm 2009/08/24 v0.1 Document Style `algorithm' - floating environment
 (/usr/local/texlive/2026/texmf-dist/tex/latex/base/ifthen.sty
Package: ifthen 2024/03/16 v1.1e Standard LaTeX ifthen package (DPC)
)
\@float@every@algorithm=\toks25
\c@algorithm=\count297
) (/usr/local/texlive/2026/texmf-dist/tex/latex/algorithmicx/algpseudocode.sty
Package: algpseudocode 
 (/usr/local/texlive/2026/texmf-dist/tex/latex/algorithmicx/algorithmicx.sty
Package: algorithmicx 2005/04/27 v1.2 Algorithmicx

Document Style algorithmicx 1.2 - a greatly improved `algorithmic' style
\c@ALG@line=\count298
\c@ALG@rem=\count299
\c@ALG@nested=\count300
\ALG@tlm=\skip69
\ALG@thistlm=\skip70
\c@ALG@Lnr=\count301
\c@ALG@blocknr=\count302
\c@ALG@storecount=\count303
\c@ALG@tmpcounter=\count304
\ALG@tmplength=\skip71
)
Document Style - pseudocode environments for use with the `algorithmicx' style
) (/usr/local/texlive/2026/texmf-dist/tex/latex/graphics/graphicx.sty
Package: graphicx 2024/12/31 v1.2e Enhanced LaTeX Graphics (DPC,SPQR)
 (/usr/local/texlive/2026/texmf-dist/tex/latex/graphics/graphics.sty
Package: graphics 2024/08/06 v1.4g Standard LaTeX Graphics (DPC,SPQR)
 (/usr/local/texlive/2026/texmf-dist/tex/latex/graphics/trig.sty
Package: trig 2023/12/02 v1.11 sin cos tan (DPC)
) (/usr/local/texlive/2026/texmf-dist/tex/latex/graphics-cfg/graphics.cfg
File: graphics.cfg 2016/06/04 v1.11 sample graphics configuration
)
Package graphics Info: Driver file: pdftex.def on input line 106.
)
\Gin@req@height=\dimen160
\Gin@req@width=\dimen161
) (/usr/local/texlive/2026/texmf-dist/tex/latex/booktabs/booktabs.sty
Package: booktabs 2020/01/12 v1.61803398 Publication quality tables
\heavyrulewidth=\dimen162
\lightrulewidth=\dimen163
\cmidrulewidth=\dimen164
\belowrulesep=\dimen165
\belowbottomsep=\dimen166
\aboverulesep=\dimen167
\abovetopsep=\dimen168
\cmidrulesep=\dimen169
\cmidrulekern=\dimen170
\defaultaddspace=\dimen171
\@cmidla=\count305
\@cmidlb=\count306
\@aboverulesep=\dimen172
\@belowrulesep=\dimen173
\@thisruleclass=\count307
\@lastruleclass=\count308
\@thisrulewidth=\dimen174
) (/usr/local/texlive/2026/texmf-dist/tex/latex/hyperref/hyperref.sty
Package: hyperref 2026-01-29 v7.01p Hypertext links for LaTeX
 (/usr/local/texlive/2026/texmf-dist/tex/generic/iftex/iftex.sty
Package: iftex 2024/12/12 v1.0g TeX engine tests
) (/usr/local/texlive/2026/texmf-dist/tex/latex/kvsetkeys/kvsetkeys.sty
Package: kvsetkeys 2022-10-05 v1.19 Key value parser (HO)
) (/usr/local/texlive/2026/texmf-dist/tex/generic/kvdefinekeys/kvdefinekeys.sty
Package: kvdefinekeys 2019-12-19 v1.6 Define keys (HO)
) (/usr/local/texlive/2026/texmf-dist/tex/generic/pdfescape/pdfescape.sty
Package: pdfescape 2019/12/09 v1.15 Implements pdfTeX's escape features (HO)
 (/usr/local/texlive/2026/texmf-dist/tex/generic/ltxcmds/ltxcmds.sty
Package: ltxcmds 2023-12-04 v1.26 LaTeX kernel commands for general use (HO)
) (/usr/local/texlive/2026/texmf-dist/tex/generic/pdftexcmds/pdftexcmds.sty
Package: pdftexcmds 2020-06-27 v0.33 Utility functions of pdfTeX for LuaTeX (HO)
 (/usr/local/texlive/2026/texmf-dist/tex/generic/infwarerr/infwarerr.sty
Package: infwarerr 2019/12/03 v1.5 Providing info/warning/error messages (HO)
)
Package pdftexcmds Info: \pdf@primitive is available.
Package pdftexcmds Info: \pdf@ifprimitive is available.
Package pdftexcmds Info: \pdfdraftmode found.
)) (/usr/local/texlive/2026/texmf-dist/tex/latex/hycolor/hycolor.sty
Package: hycolor 2020-01-27 v1.10 Color options for hyperref/bookmark (HO)
) (/usr/local/texlive/2026/texmf-dist/tex/latex/hyperref/nameref.sty
Package: nameref 2026-01-29 v2.58 Cross-referencing by name of section
 (/usr/local/texlive/2026/texmf-dist/tex/latex/refcount/refcount.sty
Package: refcount 2019/12/15 v3.6 Data extraction from label references (HO)
) (/usr/local/texlive/2026/texmf-dist/tex/generic/gettitlestring/gettitlestring.sty
Package: gettitlestring 2019/12/15 v1.6 Cleanup title references (HO)
 (/usr/local/texlive/2026/texmf-dist/tex/latex/kvoptions/kvoptions.sty
Package: kvoptions 2022-06-15 v3.15 Key value format for package options (HO)
))
\c@section@level=\count309
) (/usr/local/texlive/2026/texmf-dist/tex/latex/etoolbox/etoolbox.sty
Package: etoolbox 2025/10/02 v2.5m e-TeX tools for LaTeX (JAW)
\etb@tempcnta=\count310
) (/usr/local/texlive/2026/texmf-dist/tex/generic/stringenc/stringenc.sty
Package: stringenc 2019/11/29 v1.12 Convert strings between diff. encodings (HO)
)
\@linkdim=\dimen175
\Hy@linkcounter=\count311
\Hy@pagecounter=\count312
 (/usr/local/texlive/2026/texmf-dist/tex/latex/hyperref/pd1enc.def
File: pd1enc.def 2026-01-29 v7.01p Hyperref: PDFDocEncoding definition (HO)
Now handling font encoding PD1 ...
... no UTF-8 mapping file for font encoding PD1
) (/usr/local/texlive/2026/texmf-dist/tex/generic/intcalc/intcalc.sty
Package: intcalc 2019/12/15 v1.3 Expandable calculations with integers (HO)
)
\Hy@SavedSpaceFactor=\count313
 (/usr/local/texlive/2026/texmf-dist/tex/latex/hyperref/puenc.def
File: puenc.def 2026-01-29 v7.01p Hyperref: PDF Unicode definition (HO)
Now handling font encoding PU ...
... no UTF-8 mapping file for font encoding PU
)
Package hyperref Info: Hyper figures OFF on input line 4201.
Package hyperref Info: Link nesting OFF on input line 4206.
Package hyperref Info: Hyper index ON on input line 4209.
Package hyperref Info: Plain pages OFF on input line 4216.
Package hyperref Info: Backreferencing OFF on input line 4221.
Package hyperref Info: Implicit mode ON; LaTeX internals redefined.
Package hyperref Info: Bookmarks ON on input line 4468.
\c@Hy@tempcnt=\count314
 (/usr/local/texlive/2026/texmf-dist/tex/latex/url/url.sty
\Urlmuskip=\muskip18
Package: url 2013/09/16  ver 3.4  Verb mode for urls, etc.
)
LaTeX Info: Redefining \url on input line 4807.
\XeTeXLinkMargin=\dimen176
 (/usr/local/texlive/2026/texmf-dist/tex/generic/bitset/bitset.sty
Package: bitset 2019/12/09 v1.3 Handle bit-vector datatype (HO)
 (/usr/local/texlive/2026/texmf-dist/tex/generic/bigintcalc/bigintcalc.sty
Package: bigintcalc 2019/12/15 v1.5 Expandable calculations on big integers (HO)
))
\Fld@menulength=\count315
\Field@Width=\dimen177
\Fld@charsize=\dimen178
Package hyperref Info: Hyper figures OFF on input line 6084.
Package hyperref Info: Link nesting OFF on input line 6089.
Package hyperref Info: Hyper index ON on input line 6092.
Package hyperref Info: backreferencing OFF on input line 6099.
Package hyperref Info: Link coloring OFF on input line 6104.
Package hyperref Info: Link coloring with OCG OFF on input line 6109.
Package hyperref Info: PDF/A mode OFF on input line 6114.
\Hy@abspage=\count316
\c@Item=\count317
\c@Hfootnote=\count318
)
Package hyperref Info: Driver (autodetected): hpdftex.
 (/usr/local/texlive/2026/texmf-dist/tex/latex/hyperref/hpdftex.def
File: hpdftex.def 2026-01-29 v7.01p Hyperref driver for pdfTeX
\Fld@listcount=\count319
\c@bookmark@seq@number=\count320
 (/usr/local/texlive/2026/texmf-dist/tex/latex/rerunfilecheck/rerunfilecheck.sty
Package: rerunfilecheck 2025-06-21 v1.11 Rerun checks for auxiliary files (HO)
 (/usr/local/texlive/2026/texmf-dist/tex/generic/uniquecounter/uniquecounter.sty
Package: uniquecounter 2019/12/15 v1.4 Provide unlimited unique counter (HO)
)
Package uniquecounter Info: New unique counter `rerunfilecheck' on input line 284.
)
\Hy@SectionHShift=\skip72
)
LaTeX Font Info:    Trying to load font information for T1+lmr on input line 50.
 (/usr/local/texlive/2026/texmf-dist/tex/latex/lm/t1lmr.fd
File: t1lmr.fd 2015/05/01 v1.6.1 Font defs for Latin Modern
) (/usr/local/texlive/2026/texmf-dist/tex/latex/l3backend/l3backend-pdftex.def
File: l3backend-pdftex.def 2025-10-09 L3 backend support: PDF output (pdfTeX)
\l__color_backend_stack_int=\count321
) (./main.aux)
\openout1 = `main.aux'.

LaTeX Font Info:    Checking defaults for OML/cmm/m/it on input line 50.
LaTeX Font Info:    ... okay on input line 50.
LaTeX Font Info:    Checking defaults for OMS/cmsy/m/n on input line 50.
LaTeX Font Info:    ... okay on input line 50.
LaTeX Font Info:    Checking defaults for OT1/cmr/m/n on input line 50.
LaTeX Font Info:    ... okay on input line 50.
LaTeX Font Info:    Checking defaults for T1/cmr/m/n on input line 50.
LaTeX Font Info:    ... okay on input line 50.
LaTeX Font Info:    Checking defaults for TS1/cmr/m/n on input line 50.
LaTeX Font Info:    ... okay on input line 50.
LaTeX Font Info:    Checking defaults for OMX/cmex/m/n on input line 50.
LaTeX Font Info:    ... okay on input line 50.
LaTeX Font Info:    Checking defaults for U/cmr/m/n on input line 50.
LaTeX Font Info:    ... okay on input line 50.
LaTeX Font Info:    Checking defaults for PD1/pdf/m/n on input line 50.
LaTeX Font Info:    ... okay on input line 50.
LaTeX Font Info:    Checking defaults for PU/pdf/m/n on input line 50.
LaTeX Font Info:    ... okay on input line 50.
 (/usr/local/texlive/2026/texmf-dist/tex/context/base/mkii/supp-pdf.mkii
[Loading MPS to PDF converter (version 2006.09.02).]
\scratchcounter=\count322
\scratchdimen=\dimen179
\scratchbox=\box57
\nofMPsegments=\count323
\nofMParguments=\count324
\everyMPshowfont=\toks26
\MPscratchCnt=\count325
\MPscratchDim=\dimen180
\MPnumerator=\count326
\makeMPintoPDFobject=\count327
\everyMPtoPDFconversion=\toks27
) (/usr/local/texlive/2026/texmf-dist/tex/latex/epstopdf-pkg/epstopdf-base.sty
Package: epstopdf-base 2020-01-24 v2.11 Base part for package epstopdf
Package epstopdf-base Info: Redefining graphics rule for `.eps' on input line 485.
 (/usr/local/texlive/2026/texmf-dist/tex/latex/latexconfig/epstopdf-sys.cfg
File: epstopdf-sys.cfg 2010/07/13 v1.3 Configuration of (r)epstopdf for TeX Live
))
Package hyperref Info: Link coloring OFF on input line 50.
 (./main.out) (./main.out)
\@outlinefile=\write3
\openout3 = `main.out'.

LaTeX Font Info:    Trying to load font information for T1+lmss on input line 53.
 (/usr/local/texlive/2026/texmf-dist/tex/latex/lm/t1lmss.fd
File: t1lmss.fd 2015/05/01 v1.6.1 Font defs for Latin Modern
)
Underfull \hbox (badness 4266) in paragraph at lines 53--53
[]\T1/lmss/bx/n/17.28 FloatSOM: GPU Ac-cel-er-ated, Dis-tributed, Topology-
 []

LaTeX Font Info:    Trying to load font information for OT1+lmr on input line 53.
(/usr/local/texlive/2026/texmf-dist/tex/latex/lm/ot1lmr.fd
File: ot1lmr.fd 2015/05/01 v1.6.1 Font defs for Latin Modern
)
LaTeX Font Info:    Trying to load font information for OML+lmm on input line 53.
 (/usr/local/texlive/2026/texmf-dist/tex/latex/lm/omllmm.fd
File: omllmm.fd 2015/05/01 v1.6.1 Font defs for Latin Modern
)
LaTeX Font Info:    Trying to load font information for OMS+lmsy on input line 53.
 (/usr/local/texlive/2026/texmf-dist/tex/latex/lm/omslmsy.fd
File: omslmsy.fd 2015/05/01 v1.6.1 Font defs for Latin Modern
)
LaTeX Font Info:    Trying to load font information for OMX+lmex on input line 53.
 (/usr/local/texlive/2026/texmf-dist/tex/latex/lm/omxlmex.fd
File: omxlmex.fd 2015/05/01 v1.6.1 Font defs for Latin Modern
)
LaTeX Font Info:    External font `lmex10' loaded for size
(Font)              <10> on input line 53.
LaTeX Font Info:    External font `lmex10' loaded for size
(Font)              <7> on input line 53.
LaTeX Font Info:    External font `lmex10' loaded for size
(Font)              <5> on input line 53.
LaTeX Font Info:    Trying to load font information for U+msa on input line 53.
 (/usr/local/texlive/2026/texmf-dist/tex/latex/amsfonts/umsa.fd
File: umsa.fd 2013/01/14 v3.01 AMS symbols A
)
LaTeX Font Info:    Trying to load font information for U+msb on input line 53.
 (/usr/local/texlive/2026/texmf-dist/tex/latex/amsfonts/umsb.fd
File: umsb.fd 2013/01/14 v3.01 AMS symbols B
)
LaTeX Font Info:    Trying to load font information for T1+lmtt on input line 53.
 (/usr/local/texlive/2026/texmf-dist/tex/latex/lm/t1lmtt.fd
File: t1lmtt.fd 2015/05/01 v1.6.1 Font defs for Latin Modern
)
LaTeX Font Info:    External font `lmex10' loaded for size
(Font)              <9> on input line 53.
LaTeX Font Info:    External font `lmex10' loaded for size
(Font)              <6> on input line 53.

Underfull \hbox (badness 10000) in paragraph at lines 53--53

 []

LaTeX Font Info:    External font `lmex10' loaded for size
(Font)              <8> on input line 57.
[1{/usr/local/texlive/2026/texmf-var/fonts/map/pdftex/updmap/pdftex.map}{/usr/local/texlive/2026/texmf-dist/fonts/enc/dvips/lm/lm-ec.enc}

{/usr/local/texlive/2026/texmf-dist/fonts/enc/dvips/lm/lm-mathsy.enc}]
Underfull \vbox (badness 10000) has occurred while \output is active []

 [2{/usr/local/texlive/2026/texmf-dist/fonts/enc/dvips/lm/lm-rm.enc}]
<assets/figures/fig_1.pdf, id=319, 676.9762pt x 482.3129pt>
File: assets/figures/fig_1.pdf Graphic file (type pdf)
<use assets/figures/fig_1.pdf>
Package pdftex.def Info: assets/figures/fig_1.pdf  used on input line 110.
(pdftex.def)             Requested size: 234.87749pt x 167.34013pt.

Underfull \vbox (badness 2261) has occurred while \output is active []

 [3{/usr/local/texlive/2026/texmf-dist/fonts/enc/dvips/lm/lm-mathit.enc}] [4{/usr/local/texlive/2026/texmf-dist/fonts/enc/dvips/lm/lm-mathex.enc} <./assets/figures/fig_1.pdf>]
Package hyperref Info: bookmark level for unknown algorithm defaults to 0 on input line 160.

Underfull \vbox (badness 10000) has occurred while \output is active []

 [5]
<assets/figures/fig_2.pdf, id=414, 515.49988pt x 1086.35867pt>
File: assets/figures/fig_2.pdf Graphic file (type pdf)
<use assets/figures/fig_2.pdf>
Package pdftex.def Info: assets/figures/fig_2.pdf  used on input line 208.
(pdftex.def)             Requested size: 220.78542pt x 465.28514pt.
 [6] [7 <./assets/figures/fig_2.pdf>] [8] [9] [10] [11]
Underfull \vbox (badness 1867) has occurred while \output is active []

 [12]
<assets/figures/fig_3.pdf, id=578, 3312.375pt x 1204.5pt>
File: assets/figures/fig_3.pdf Graphic file (type pdf)
<use assets/figures/fig_3.pdf>
Package pdftex.def Info: assets/figures/fig_3.pdf  used on input line 356.
(pdftex.def)             Requested size: 469.75499pt x 170.81596pt.
 [13 <./assets/figures/fig_3.pdf>]
<assets/figures/fig_4.pdf, id=1140, 3193.9124pt x 2200.39056pt>
File: assets/figures/fig_4.pdf Graphic file (type pdf)
<use assets/figures/fig_4.pdf>
Package pdftex.def Info: assets/figures/fig_4.pdf  used on input line 368.
(pdftex.def)             Requested size: 469.75499pt x 323.63148pt.
 [14 <./assets/figures/fig_4.pdf>]
<assets/figures/fig_5.pdf, id=2184, 1349.56197pt x 1019.50888pt>
File: assets/figures/fig_5.pdf Graphic file (type pdf)
<use assets/figures/fig_5.pdf>
Package pdftex.def Info: assets/figures/fig_5.pdf  used on input line 382.
(pdftex.def)             Requested size: 469.75499pt x 354.87334pt.

Underfull \vbox (badness 10000) has occurred while \output is active []

 [15 <./assets/figures/fig_5.pdf>]
<assets/figures/fig_6.pdf, id=3945, 3203.70901pt x 1204.5pt>
File: assets/figures/fig_6.pdf Graphic file (type pdf)
<use assets/figures/fig_6.pdf>
Package pdftex.def Info: assets/figures/fig_6.pdf  used on input line 398.
(pdftex.def)             Requested size: 469.75499pt x 176.60541pt.
<assets/figures/fig_7.pdf, id=3946, 3282.13213pt x 1204.5pt>
File: assets/figures/fig_7.pdf Graphic file (type pdf)
<use assets/figures/fig_7.pdf>
Package pdftex.def Info: assets/figures/fig_7.pdf  used on input line 414.
(pdftex.def)             Requested size: 469.75499pt x 172.3782pt.
<assets/figures/fig_8.pdf, id=3947, 3533.2pt x 1365.3007pt>
File: assets/figures/fig_8.pdf Graphic file (type pdf)
<use assets/figures/fig_8.pdf>
Package pdftex.def Info: assets/figures/fig_8.pdf  used on input line 426.
(pdftex.def)             Requested size: 469.75499pt x 181.51605pt.

Underfull \vbox (badness 10000) has occurred while \output is active []

 [16 <./assets/figures/fig_6.pdf>] [17 <./assets/figures/fig_7.pdf> <./assets/figures/fig_8.pdf

pdfTeX warning: pdflatex (file ./assets/figures/fig_8.pdf): PDF inclusion: multiple pdfs with page group included in a single page
>]
<assets/figures/fig_9.pdf, id=6011, 3345.49875pt x 1204.5pt>
File: assets/figures/fig_9.pdf Graphic file (type pdf)
<use assets/figures/fig_9.pdf>
Package pdftex.def Info: assets/figures/fig_9.pdf  used on input line 446.
(pdftex.def)             Requested size: 469.75499pt x 169.12509pt.
<assets/figures/fig_10.pdf, id=6013, 3345.49875pt x 1204.5pt>
File: assets/figures/fig_10.pdf Graphic file (type pdf)
<use assets/figures/fig_10.pdf>
Package pdftex.def Info: assets/figures/fig_10.pdf  used on input line 480.
(pdftex.def)             Requested size: 469.75499pt x 169.12509pt.

Underfull \vbox (badness 1152) has occurred while \output is active []

 [18]
Underfull \vbox (badness 2894) has occurred while \output is active []

 [19 <./assets/figures/fig_9.pdf> <./assets/figures/fig_10.pdf

pdfTeX warning: pdflatex (file ./assets/figures/fig_10.pdf): PDF inclusion: multiple pdfs with page group included in a single page
>]
<assets/figures/fig_11.pdf, id=6838, 3327.92308pt x 1095.302pt>
File: assets/figures/fig_11.pdf Graphic file (type pdf)
<use assets/figures/fig_11.pdf>
Package pdftex.def Info: assets/figures/fig_11.pdf  used on input line 496.
(pdftex.def)             Requested size: 469.75499pt x 154.5947pt.
<assets/figures/fig_12.pdf, id=6839, 3533.2pt x 1144.37535pt>
File: assets/figures/fig_12.pdf Graphic file (type pdf)
<use assets/figures/fig_12.pdf>
Package pdftex.def Info: assets/figures/fig_12.pdf  used on input line 516.
(pdftex.def)             Requested size: 469.75499pt x 152.14413pt.
 [20 <./assets/figures/fig_11.pdf>]
<assets/figures/fig_13.pdf, id=7174, 3072.24791pt x 2168.1pt>
File: assets/figures/fig_13.pdf Graphic file (type pdf)
<use assets/figures/fig_13.pdf>
Package pdftex.def Info: assets/figures/fig_13.pdf  used on input line 532.
(pdftex.def)             Requested size: 469.75499pt x 331.48665pt.
 [21 <./assets/figures/fig_12.pdf>]
<assets/figures/fig_14.pdf, id=7286, 3533.2pt x 1203.2855pt>
File: assets/figures/fig_14.pdf Graphic file (type pdf)
<use assets/figures/fig_14.pdf>
Package pdftex.def Info: assets/figures/fig_14.pdf  used on input line 554.
(pdftex.def)             Requested size: 469.75499pt x 159.97621pt.
 [22 <./assets/figures/fig_13.pdf>]
<assets/figures/fig_15.pdf, id=7476, 3033.03133pt x 1923.61667pt>
File: assets/figures/fig_15.pdf Graphic file (type pdf)
<use assets/figures/fig_15.pdf>
Package pdftex.def Info: assets/figures/fig_15.pdf  used on input line 570.
(pdftex.def)             Requested size: 469.75499pt x 297.92268pt.
 [23 <./assets/figures/fig_14.pdf>]
Underfull \vbox (badness 10000) has occurred while \output is active []

 [24 <./assets/figures/fig_15.pdf>] (./main.bbl [25] [26]) [27]
Underfull \vbox (badness 10000) has occurred while \output is active []

 [28

] [29]
<assets/figures/supp_fig_s1.pdf, id=8423, 1423.18701pt x 1083.43773pt>
File: assets/figures/supp_fig_s1.pdf Graphic file (type pdf)
<use assets/figures/supp_fig_s1.pdf>
Package pdftex.def Info: assets/figures/supp_fig_s1.pdf  used on input line 748.
(pdftex.def)             Requested size: 469.75499pt x 357.61821pt.
<assets/figures/supp_fig_s2.pdf, id=8424, 1423.18236pt x 1083.44226pt>
File: assets/figures/supp_fig_s2.pdf Graphic file (type pdf)
<use assets/figures/supp_fig_s2.pdf>
Package pdftex.def Info: assets/figures/supp_fig_s2.pdf  used on input line 756.
(pdftex.def)             Requested size: 469.75499pt x 357.6197pt.
<assets/figures/supp_fig_s3.pdf, id=8425, 1423.18701pt x 1083.43773pt>
File: assets/figures/supp_fig_s3.pdf Graphic file (type pdf)
<use assets/figures/supp_fig_s3.pdf>
Package pdftex.def Info: assets/figures/supp_fig_s3.pdf  used on input line 764.
(pdftex.def)             Requested size: 469.75499pt x 357.61821pt.
<assets/figures/supp_fig_s4.pdf, id=8426, 2649.9pt x 2365.20895pt>
File: assets/figures/supp_fig_s4.pdf Graphic file (type pdf)
<use assets/figures/supp_fig_s4.pdf>
Package pdftex.def Info: assets/figures/supp_fig_s4.pdf  used on input line 772.
(pdftex.def)             Requested size: 469.75499pt x 419.25911pt.
<assets/figures/supp_fig_s5.pdf, id=8427, 3199.45313pt x 1957.3125pt>
File: assets/figures/supp_fig_s5.pdf Graphic file (type pdf)
<use assets/figures/supp_fig_s5.pdf>
Package pdftex.def Info: assets/figures/supp_fig_s5.pdf  used on input line 780.
(pdftex.def)             Requested size: 469.75499pt x 287.37206pt.
<assets/figures/supp_fig_s6.pdf, id=8428, 2649.9pt x 1446.8304pt>
File: assets/figures/supp_fig_s6.pdf Graphic file (type pdf)
<use assets/figures/supp_fig_s6.pdf>
Package pdftex.def Info: assets/figures/supp_fig_s6.pdf  used on input line 788.
(pdftex.def)             Requested size: 469.75499pt x 256.46648pt.
<assets/figures/supp_fig_s7.pdf, id=8429, 2649.9pt x 1036.47223pt>
File: assets/figures/supp_fig_s7.pdf Graphic file (type pdf)
<use assets/figures/supp_fig_s7.pdf>
Package pdftex.def Info: assets/figures/supp_fig_s7.pdf  used on input line 796.
(pdftex.def)             Requested size: 469.75499pt x 183.72601pt.
<assets/figures/supp_fig_s8.pdf, id=8430, 2649.9pt x 1036.47223pt>
File: assets/figures/supp_fig_s8.pdf Graphic file (type pdf)
<use assets/figures/supp_fig_s8.pdf>
Package pdftex.def Info: assets/figures/supp_fig_s8.pdf  used on input line 804.
(pdftex.def)             Requested size: 469.75499pt x 183.72601pt.
 [30] [31 <./assets/figures/supp_fig_s1.pdf>] [32 <./assets/figures/supp_fig_s2.pdf>] [33 <./assets/figures/supp_fig_s3.pdf>] [34 <./assets/figures/supp_fig_s4.pdf>] [35 <./assets/figures/supp_fig_s5.pdf>] [36 <./assets/figures/supp_fig_s6.pdf> <./assets/figures/supp_fig_s7.pdf

pdfTeX warning: pdflatex (file ./assets/figures/supp_fig_s7.pdf): PDF inclusion: multiple pdfs with page group included in a single page
>] [37 <./assets/figures/supp_fig_s8.pdf>] (./main.aux)
 ***********
LaTeX2e <2025-11-01>
L3 programming layer <2026-01-19>
 ***********
Package rerunfilecheck Info: File `main.out' has not changed.
(rerunfilecheck)             Checksum: FE45ECC37AAEDA09AB063D00CD55E2FF;11795.
 ) 
Here is how much of TeX's memory you used:
 13032 strings out of 467525
 196807 string characters out of 5418982
 626053 words of memory out of 5000000
 41550 multiletter control sequences out of 15000+600000
 731083 words of font info for 111 fonts, out of 8000000 for 9000
 1141 hyphenation exceptions out of 8191
 75i,12n,90p,2286b,599s stack positions out of 10000i,1000n,20000p,200000b,200000s
</usr/local/texlive/2026/texmf-dist/fonts/type1/public/lm/lmbx10.pfb></usr/local/texlive/2026/texmf-dist/fonts/type1/public/lm/lmbx9.pfb></usr/local/texlive/2026/texmf-dist/fonts/type1/public/lm/lmex10.pfb></usr/local/texlive/2026/texmf-dist/fonts/type1/public/lm/lmmi10.pfb></usr/local/texlive/2026/texmf-dist/fonts/type1/public/lm/lmmi5.pfb></usr/local/texlive/2026/texmf-dist/fonts/type1/public/lm/lmmi7.pfb></usr/local/texlive/2026/texmf-dist/fonts/type1/public/lm/lmr10.pfb></usr/local/texlive/2026/texmf-dist/fonts/type1/public/lm/lmr5.pfb></usr/local/texlive/2026/texmf-dist/fonts/type1/public/lm/lmr6.pfb></usr/local/texlive/2026/texmf-dist/fonts/type1/public/lm/lmr7.pfb></usr/local/texlive/2026/texmf-dist/fonts/type1/public/lm/lmr8.pfb></usr/local/texlive/2026/texmf-dist/fonts/type1/public/lm/lmr9.pfb></usr/local/texlive/2026/texmf-dist/fonts/type1/public/lm/lmri10.pfb></usr/local/texlive/2026/texmf-dist/fonts/type1/public/lm/lmri9.pfb></usr/local/texlive/2026/texmf-dist/fonts/type1/public/lm/lmssbx10.pfb></usr/local/texlive/2026/texmf-dist/fonts/type1/public/lm/lmsy10.pfb></usr/local/texlive/2026/texmf-dist/fonts/type1/public/lm/lmsy6.pfb></usr/local/texlive/2026/texmf-dist/fonts/type1/public/lm/lmsy7.pfb></usr/local/texlive/2026/texmf-dist/fonts/type1/public/lm/lmsy9.pfb></usr/local/texlive/2026/texmf-dist/fonts/type1/public/lm/lmtt10.pfb></usr/local/texlive/2026/texmf-dist/fonts/type1/public/lm/lmtt9.pfb></usr/local/texlive/2026/texmf-dist/fonts/type1/public/lm/lmtti10.pfb>
Output written on main.pdf (37 pages, 8448459 bytes).
PDF statistics:
 9497 PDF objects out of 10688 (max. 8388607)
 5206 compressed objects within 53 object streams
 167 named destinations out of 1000 (max. 500000)
 540 words of extra memory for PDF output out of 10000 (max. 10000000)

